// Jest Snapshot v1, https://goo.gl/fbAQLP

exports[`postgis-connections-filter.graphql 1`] = `
Object {
  "data": Object {
    "bboxIntersects2D": Object {
      "edges": Array [
        Object {
          "cursor": "WyJwcmltYXJ5X2tleV9hc2MiLFsxXV0=",
          "node": Object {
            "id": 1,
            "theGeom": "0102000000020000000000000000000000000000000000000000000000000008400000000000000840",
          },
        },
      ],
      "pageInfo": Object {
        "endCursor": "WyJwcmltYXJ5X2tleV9hc2MiLFsxXV0=",
        "hasNextPage": false,
        "hasPreviousPage": false,
        "startCursor": "WyJwcmltYXJ5X2tleV9hc2MiLFsxXV0=",
      },
      "totalCount": 1,
    },
    "disjoint": Object {
      "edges": Array [
        Object {
          "cursor": "WyJwcmltYXJ5X2tleV9hc2MiLFsxXV0=",
          "node": Object {
            "id": 1,
            "theGeom": "0102000000020000000000000000000000000000000000000000000000000008400000000000000840",
          },
        },
      ],
      "pageInfo": Object {
        "endCursor": "WyJwcmltYXJ5X2tleV9hc2MiLFsxXV0=",
        "hasNextPage": false,
        "hasPreviousPage": false,
        "startCursor": "WyJwcmltYXJ5X2tleV9hc2MiLFsxXV0=",
      },
      "totalCount": 1,
    },
    "intersect": Object {
      "edges": Array [
        Object {
          "cursor": "WyJwcmltYXJ5X2tleV9hc2MiLFsxXV0=",
          "node": Object {
            "id": 1,
            "theGeom": "0102000000020000000000000000000000000000000000000000000000000008400000000000000840",
          },
        },
        Object {
          "cursor": "WyJwcmltYXJ5X2tleV9hc2MiLFsyXV0=",
          "node": Object {
            "id": 2,
            "theGeom": "0102000000020000000000000000000000000000000000F03F00000000000000000000000000001440",
          },
        },
      ],
      "pageInfo": Object {
        "endCursor": "WyJwcmltYXJ5X2tleV9hc2MiLFsyXV0=",
        "hasNextPage": false,
        "hasPreviousPage": false,
        "startCursor": "WyJwcmltYXJ5X2tleV9hc2MiLFsxXV0=",
      },
      "totalCount": 2,
    },
  },
}
`;
